g++ : src\ConsoleUI.cpp: In static 
member function 'static void 
ConsoleUI::enableANSI()':
At line:1 char:1
+ g++ -std=c++17 -Wall -o spcms.exe 
src\Officer.cpp src\Citizen.cpp src ...
+ ~~~~~~~~~~~~~~~~~~~~~~~~~~~~~~~~~~~~~
~~~~~~~~~~~~~~~~~~~~~~~~~~~~~~~~
    + CategoryInfo          : NotSpeci 
   fied: (src\ConsoleUI.c...:enableAN  
  SI()'::String) [], RemoteException
    + FullyQualifiedErrorId : NativeCo 
   mmandError
 
src\ConsoleUI.cpp:30:23: error: 
'ENABLE_VIRTUAL_TERMINAL_PROCESSING' 
was not declared in this scope
             dwMode |= 
ENABLE_VIRTUAL_TERMINAL_PROCESSING;
                       
^~~~~~~~~~~~~~~~~~~~~~~~~~~~~~~~~~
src\ConsoleUI.cpp: In static member 
function 'static void 
ConsoleUI::drawSplashScreen()':
src\ConsoleUI.cpp:189:9: error: 
'this_thread' has not been declared
         this_thread::sleep_for(chrono:
:milliseconds(400));
         ^~~~~~~~~~~
src\ConsoleUI.cpp:204:9: error: 
'this_thread' has not been declared
         this_thread::sleep_for(chrono:
:milliseconds(25));
         ^~~~~~~~~~~
src\ConsoleUI.cpp:208:5: error: 
'this_thread' has not been declared
     this_thread::sleep_for(chrono::mil
liseconds(600));
     ^~~~~~~~~~~
src\ConsoleUI.cpp: In static member 
function 'static void 
ConsoleUI::drawLoadingBar(const 
string&, int)':
src\ConsoleUI.cpp:570:9: error: 
'this_thread' has not been declared
         this_thread::sleep_for(chrono:
:milliseconds(stepDelay));
         ^~~~~~~~~~~
src\ConsoleUI.cpp: In static member 
function 'static void 
ConsoleUI::typeWriter(const string&, 
int)':
src\ConsoleUI.cpp:579:9: error: 
'this_thread' has not been declared
         this_thread::sleep_for(chrono:
:milliseconds(delayMs));
         ^~~~~~~~~~~
